AR programcounter behavioral C:/Users/utp/Desktop/Procesador4/ProgramCounter.vhd sub00/vhpl01 1478805904
EN adder NULL C:/Users/utp/Desktop/Procesador4/Adder.vhd sub00/vhpl02 1478805905
AR mux behavioral C:/Users/utp/Desktop/Procesador4/Mux.vhd sub00/vhpl17 1478805920
EN psr NULL C:/Users/utp/Desktop/Procesador4/PSR.vhd sub00/vhpl12 1478805915
AR psrmodifier arqpsrmodifier C:/Users/utp/Desktop/Procesador4/PSRModifier.vhd sub00/vhpl19 1478805922
EN controlunity NULL C:/Users/utp/Desktop/Procesador4/ControlUnity.vhd sub00/vhpl14 1478805917
EN procesador_3 NULL C:/Users/utp/Desktop/Procesador4/Procesador_3.vhd sub00/vhpl22 1478805925
AR instructionmemory behavioral C:/Users/utp/Desktop/Procesador4/InstructionMemory.vhd sub00/vhpl05 1478805908
EN psrmodifier NULL C:/Users/utp/Desktop/Procesador4/PSRModifier.vhd sub00/vhpl18 1478805921
EN signextensionunit NULL C:/Users/utp/Desktop/Procesador4/SignExtensionUnit.vhd sub00/vhpl08 1478805911
AR procesador_3 behavioral C:/Users/utp/Desktop/Procesador4/Procesador_3.vhd sub00/vhpl23 1478805926
AR signextensionunit behavioral C:/Users/utp/Desktop/Procesador4/SignExtensionUnit.vhd sub00/vhpl09 1478805912
AR psr behavioral C:/Users/utp/Desktop/Procesador4/PSR.vhd sub00/vhpl13 1478805916
EN programcounter NULL C:/Users/utp/Desktop/Procesador4/ProgramCounter.vhd sub00/vhpl00 1478805903
EN wm NULL C:/Users/utp/Desktop/Procesador4/WM.vhd sub00/vhpl06 1478805909
EN instructionmemory NULL C:/Users/utp/Desktop/Procesador4/InstructionMemory.vhd sub00/vhpl04 1478805907
AR controlunity behavioral C:/Users/utp/Desktop/Procesador4/ControlUnity.vhd sub00/vhpl15 1478805918
AR adder behavioral C:/Users/utp/Desktop/Procesador4/Adder.vhd sub00/vhpl03 1478805906
EN mux NULL C:/Users/utp/Desktop/Procesador4/Mux.vhd sub00/vhpl16 1478805919
AR registerfile behavioral C:/Users/utp/Desktop/Procesador4/RegisterFile.vhd sub00/vhpl11 1478805914
AR alu behavioral C:/Users/utp/Desktop/Procesador4/Alu.vhd sub00/vhpl21 1478805924
AR wm behavioral C:/Users/utp/Desktop/Procesador4/WM.vhd sub00/vhpl07 1478805910
EN registerfile NULL C:/Users/utp/Desktop/Procesador4/RegisterFile.vhd sub00/vhpl10 1478805913
EN alu NULL C:/Users/utp/Desktop/Procesador4/Alu.vhd sub00/vhpl20 1478805923
