V3 47
FL C:/Users/utp/Desktop/Procesador4/Adder.vhd 2016/11/01.17:04:38 P.20131013
EN work/Adder 1478805905 FL C:/Users/utp/Desktop/Procesador4/Adder.vhd \
      PB ieee/std_logic_1164 1381692176 PB ieee/STD_LOGIC_UNSIGNED 1381692179
AR work/Adder/Behavioral 1478805906 \
      FL C:/Users/utp/Desktop/Procesador4/Adder.vhd EN work/Adder 1478805905
FL C:/Users/utp/Desktop/Procesador4/Alu.vhd 2016/11/10.14:22:52 P.20131013
EN work/Alu 1478805923 FL C:/Users/utp/Desktop/Procesador4/Alu.vhd \
      PB ieee/std_logic_1164 1381692176 PB ieee/STD_LOGIC_UNSIGNED 1381692179
AR work/Alu/Behavioral 1478805924 \
      FL C:/Users/utp/Desktop/Procesador4/Alu.vhd EN work/Alu 1478805923
FL C:/Users/utp/Desktop/Procesador4/ControlUnity.vhd 2016/11/10.14:23:49 P.20131013
EN work/ControlUnity 1478805917 \
      FL C:/Users/utp/Desktop/Procesador4/ControlUnity.vhd PB ieee/std_logic_1164 1381692176
AR work/ControlUnity/Behavioral 1478805918 \
      FL C:/Users/utp/Desktop/Procesador4/ControlUnity.vhd EN work/ControlUnity 1478805917
FL C:/Users/utp/Desktop/Procesador4/InstructionMemory.vhd 2016/11/01.17:04:38 P.20131013
EN work/InstructionMemory 1478805907 \
      FL C:/Users/utp/Desktop/Procesador4/InstructionMemory.vhd \
      PB ieee/std_logic_1164 1381692176 PB ieee/STD_LOGIC_UNSIGNED 1381692179 \
      PB std/TEXTIO 1381692176
AR work/InstructionMemory/Behavioral 1478805908 \
      FL C:/Users/utp/Desktop/Procesador4/InstructionMemory.vhd \
      EN work/InstructionMemory 1478805907
FL C:/Users/utp/Desktop/Procesador4/Mux.vhd 2016/11/01.17:04:38 P.20131013
EN work/Mux 1478805919 FL C:/Users/utp/Desktop/Procesador4/Mux.vhd \
      PB ieee/std_logic_1164 1381692176
AR work/Mux/Behavioral 1478805920 \
      FL C:/Users/utp/Desktop/Procesador4/Mux.vhd EN work/Mux 1478805919
FL C:/Users/utp/Desktop/Procesador4/Procesador_3.vhd 2016/11/10.14:24:59 P.20131013
EN work/Procesador_3 1478805925 \
      FL C:/Users/utp/Desktop/Procesador4/Procesador_3.vhd PB ieee/std_logic_1164 1381692176
AR work/Procesador_3/Behavioral 1478805926 \
      FL C:/Users/utp/Desktop/Procesador4/Procesador_3.vhd EN work/Procesador_3 1478805925 \
      CP ProgramCounter CP Adder CP InstructionMemory CP WM CP SignExtensionUnit \
      CP RegisterFile CP PSR CP ControlUnity CP Mux CP PSRModifier CP Alu
FL C:/Users/utp/Desktop/Procesador4/ProgramCounter.vhd 2016/11/01.17:04:38 P.20131013
EN work/ProgramCounter 1478805903 \
      FL C:/Users/utp/Desktop/Procesador4/ProgramCounter.vhd \
      PB ieee/std_logic_1164 1381692176
AR work/ProgramCounter/Behavioral 1478805904 \
      FL C:/Users/utp/Desktop/Procesador4/ProgramCounter.vhd \
      EN work/ProgramCounter 1478805903
FL C:/Users/utp/Desktop/Procesador4/PSR.vhd 2016/11/10.13:58:25 P.20131013
EN work/PSR 1478805915 FL C:/Users/utp/Desktop/Procesador4/PSR.vhd \
      PB ieee/std_logic_1164 1381692176 PB ieee/NUMERIC_STD 1381692181
AR work/PSR/Behavioral 1478805916 \
      FL C:/Users/utp/Desktop/Procesador4/PSR.vhd EN work/PSR 1478805915
FL C:/Users/utp/Desktop/Procesador4/PSRModifier.vhd 2016/11/01.17:04:38 P.20131013
EN work/PSRModifier 1478805921 \
      FL C:/Users/utp/Desktop/Procesador4/PSRModifier.vhd PB ieee/std_logic_1164 1381692176
AR work/PSRModifier/arqPSRModifier 1478805922 \
      FL C:/Users/utp/Desktop/Procesador4/PSRModifier.vhd EN work/PSRModifier 1478805921
FL C:/Users/utp/Desktop/Procesador4/RegisterFile.vhd 2016/11/09.15:43:02 P.20131013
EN work/RegisterFile 1478805913 \
      FL C:/Users/utp/Desktop/Procesador4/RegisterFile.vhd PB ieee/std_logic_1164 1381692176 \
      PB ieee/STD_LOGIC_UNSIGNED 1381692179
AR work/RegisterFile/Behavioral 1478805914 \
      FL C:/Users/utp/Desktop/Procesador4/RegisterFile.vhd EN work/RegisterFile 1478805913
FL C:/Users/utp/Desktop/Procesador4/SignExtensionUnit.vhd 2016/11/01.17:04:38 P.20131013
EN work/SignExtensionUnit 1478805911 \
      FL C:/Users/utp/Desktop/Procesador4/SignExtensionUnit.vhd \
      PB ieee/std_logic_1164 1381692176
AR work/SignExtensionUnit/Behavioral 1478805912 \
      FL C:/Users/utp/Desktop/Procesador4/SignExtensionUnit.vhd \
      EN work/SignExtensionUnit 1478805911
FL C:/Users/utp/Desktop/Procesador4/WM.vhd 2016/11/09.15:48:06 P.20131013
EN work/WM 1478805909 FL C:/Users/utp/Desktop/Procesador4/WM.vhd \
      PB ieee/std_logic_1164 1381692176 PB ieee/std_logic_arith 1381692177 \
      PB ieee/STD_LOGIC_UNSIGNED 1381692179
AR work/WM/Behavioral 1478805910 \
      FL C:/Users/utp/Desktop/Procesador4/WM.vhd EN work/WM 1478805909
