V3 27
FL C:/Users/Estudiantes/Desktop/procesadorMono/ALU.vhd 2016/10/21.20:45:06 P.20131013
EN work/ALU 1477100873 FL C:/Users/Estudiantes/Desktop/procesadorMono/ALU.vhd \
      PB ieee/std_logic_1164 1381692176 PB ieee/STD_LOGIC_UNSIGNED 1381692179
AR work/ALU/Behavioral 1477100874 \
      FL C:/Users/Estudiantes/Desktop/procesadorMono/ALU.vhd EN work/ALU 1477100873
FL C:/Users/Estudiantes/Desktop/procesadorMono/IM.vhd 2016/10/20.17:38:50 P.20131013
EN work/IM 1477100871 FL C:/Users/Estudiantes/Desktop/procesadorMono/IM.vhd \
      PB ieee/std_logic_1164 1381692176 PB ieee/STD_LOGIC_UNSIGNED 1381692179 \
      PB std/TEXTIO 1381692176
AR work/IM/Behavioral 1477100872 \
      FL C:/Users/Estudiantes/Desktop/procesadorMono/IM.vhd EN work/IM 1477100871
FL C:/Users/Estudiantes/Desktop/procesadorMono/nPC.vhd 2016/10/20.16:50:56 P.20131013
EN work/nPC 1477100867 FL C:/Users/Estudiantes/Desktop/procesadorMono/nPC.vhd \
      PB ieee/std_logic_1164 1381692176
AR work/nPC/Behavioral 1477100868 \
      FL C:/Users/Estudiantes/Desktop/procesadorMono/nPC.vhd EN work/nPC 1477100867
FL C:/Users/Estudiantes/Desktop/procesadorMono/Procesador.vhd 2016/10/21.20:17:05 P.20131013
EN work/Procesador 1477100877 \
      FL C:/Users/Estudiantes/Desktop/procesadorMono/Procesador.vhd \
      PB ieee/std_logic_1164 1381692176
AR work/Procesador/Behavioral 1477100878 \
      FL C:/Users/Estudiantes/Desktop/procesadorMono/Procesador.vhd \
      EN work/Procesador 1477100877 CP registerFile CP nPC CP UC CP IM CP ALU \
      CP sumador
FL C:/Users/Estudiantes/Desktop/procesadorMono/registerFile.vhd 2016/10/21.20:17:41 P.20131013
EN work/registerFile 1477100865 \
      FL C:/Users/Estudiantes/Desktop/procesadorMono/registerFile.vhd \
      PB ieee/std_logic_1164 1381692176 PB ieee/STD_LOGIC_UNSIGNED 1381692179
AR work/registerFile/Behavioral 1477100866 \
      FL C:/Users/Estudiantes/Desktop/procesadorMono/registerFile.vhd \
      EN work/registerFile 1477100865
FL C:/Users/Estudiantes/Desktop/procesadorMono/sumador.vhd 2016/10/20.16:37:56 P.20131013
EN work/sumador 1477100875 \
      FL C:/Users/Estudiantes/Desktop/procesadorMono/sumador.vhd \
      PB ieee/std_logic_1164 1381692176 PB ieee/STD_LOGIC_UNSIGNED 1381692179
AR work/sumador/Behavioral 1477100876 \
      FL C:/Users/Estudiantes/Desktop/procesadorMono/sumador.vhd EN work/sumador 1477100875
FL C:/Users/Estudiantes/Desktop/procesadorMono/UC.vhd 2016/10/21.17:39:42 P.20131013
EN work/UC 1477100869 FL C:/Users/Estudiantes/Desktop/procesadorMono/UC.vhd \
      PB ieee/std_logic_1164 1381692176
AR work/UC/Behavioral 1477100870 \
      FL C:/Users/Estudiantes/Desktop/procesadorMono/UC.vhd EN work/UC 1477100869
