V3 3
FL C:/Users/Public/Documents/amll/amll323/flipFlop.vhd 2016/09/05.19:25:21 P.20131013
EN work/flipFlop 1473121555 \
      FL C:/Users/Public/Documents/amll/amll323/flipFlop.vhd \
      PB ieee/std_logic_1164 1381692176
AR work/flipFlop/Behavioral 1473121556 \
      FL C:/Users/Public/Documents/amll/amll323/flipFlop.vhd EN work/flipFlop 1473121555
